9939
9835
9751
9733
9242
9099
9077
9005
8817
8813
8801
8762
8491
8391
8340
8328
8321
8222
7977
7828
7736
7679
7663
7584
7578
7412
7342
7301
7219
7125
6995
6847
6834
6690
6555
6543
6335
6305
6198
6173
6107
6077
6069
6030
5951
5771
5709
5593
5400
5326
5248
5163
5096
5088
4915
4805
4620
4538
4524
4349
4336
4334
4325
4189
4177
3910
3812
3783
3651
3639
3637
3560
3500
3448
3186
3112
3081
3035
3034
2828
2690
2632
2243
2114
1935
1835
1821
1777
1680
1546
1419
1416
1342
1260
1042
980
952
794
717
222
