-1
484710
835030
652381
652381
598255
598255
598255
598255
708940
