(2.000000, 1.000000)
(2.500000, 4.500000)
(4.500000, 1.500000)
