291
605
680
1866
2067
2507
2703
3770
3911
4193
5303
6221
6243
6302
7270
8109
8289
8684
9706
9712
