6424
9850
6399
3630
1418
5907
4910
8155
2508
5755
7251
9427
1139
1477
8744
7575
4198
6804
4708
6039
8805
8293
5657
6099
9328
7426
5742
3123
4853
1099
8268
6833
827
3286
8844
7988
4823
7382
8451
5171
5097
4710
5877
4595
8929
7023
8655
5178
4680
162
4479
2544
3180
587
3690
1667
3344
3878
3150
281
4633
31
6534
6361
2858
5934
2181
9971
410
3556
8702
6400
7501
6482
6295
1032
7521
3048
1107
84
4517
8232
3011
5378
3734
7209
6557
9638
5319
7578
1708
3444
8064
7447
5016
5355
6044
