31
84
162
281
410
587
827
1032
1099
1107
1139
1418
1477
1667
1708
2181
2508
2544
2858
3011
3048
3123
3150
3180
3286
3344
3444
3556
3630
3690
3734
3878
4198
4479
4517
4595
4633
4680
4708
4710
4823
4853
4910
5016
5097
5171
5178
5319
5355
5378
5657
5742
5755
5877
5907
5934
6039
6044
6099
6295
6361
6399
6400
6424
6482
6534
6557
6804
6833
7023
7209
7251
7382
7426
7447
7501
7521
7575
7578
7988
8064
8155
8232
8268
8293
8451
8655
8702
8744
8805
8844
8929
9328
9427
9638
9850
9971
