1866
4193
8684
3911
5303
8289
291
8109
7270
6302
2703
680
6221
9712
6243
2507
2067
3770
9706
605
