william
edouard
raphael
charles
matthew
olivier
antoine
gabriel
tristan
nicolas
laurent
leonard
zachary
jackson
ludovic
mathias
maxence
anthony
michael
